// Jest Snapshot v1, https://goo.gl/fbAQLP

exports[`while using templatizeCss.compileFile() should convert css file to js template 1`] = `
"const defaults = {
  mainPrimaryColor: 'brown',
  mainMobilePrimaryColor: 'brown',
  mainTextColor: '#fff'
};

const templatize = locals => \`.btn {
  background-color: \${locals.mainPrimaryColor || defaults.mainPrimaryColor};
  color: \${locals.mainTextColor || defaults.mainTextColor}
}
@media (min-width: 992px) {
  .btn::after {
    background-color: \${locals.mainMobilePrimaryColor || defaults.mainMobilePrimaryColor}
  }
}\`;

module.exports = { defaults, templatize };
"
`;
